---
source: apps/automexia-terminal/src/renderer/search.rs
assertion_line: 1239
expression: matrix
---
[
    (
        "pane-footer",
        Some(
            SearchLayout {
                surface: SearchRect {
                    x: 420.0,
                    y: 736.0,
                    width: 612.0,
                    height: 32.0,
                },
                input: SearchRect {
                    x: 554.0,
                    y: 739.0,
                    width: 306.0,
                    height: 26.0,
                },
                previous: SearchRect {
                    x: 938.0,
                    y: 739.0,
                    width: 26.0,
                    height: 26.0,
                },
                next: SearchRect {
                    x: 968.0,
                    y: 739.0,
                    width: 26.0,
                    height: 26.0,
                },
                close: SearchRect {
                    x: 998.0,
                    y: 739.0,
                    width: 26.0,
                    height: 26.0,
                },
                pane_scope: SearchRect {
                    x: 428.0,
                    y: 739.0,
                    width: 48.0,
                    height: 26.0,
                },
                workspace_scope: SearchRect {
                    x: 478.0,
                    y: 739.0,
                    width: 72.0,
                    height: 26.0,
                },
                result: SearchRect {
                    x: 864.0,
                    y: 739.0,
                    width: 70.0,
                    height: 26.0,
                },
                scope_label: "PANE",
                placeholder: "Find in pane",
                show_scope: true,
                show_result: true,
                show_search_icon: true,
                floating: false,
                compact: false,
            },
        ),
    ),
    (
        "workspace-normal",
        Some(
            SearchLayout {
                surface: SearchRect {
                    x: 480.0,
                    y: 812.0,
                    width: 480.0,
                    height: 44.0,
                },
                input: SearchRect {
                    x: 614.0,
                    y: 821.0,
                    width: 174.0,
                    height: 26.0,
                },
                previous: SearchRect {
                    x: 866.0,
                    y: 821.0,
                    width: 26.0,
                    height: 26.0,
                },
                next: SearchRect {
                    x: 896.0,
                    y: 821.0,
                    width: 26.0,
                    height: 26.0,
                },
                close: SearchRect {
                    x: 926.0,
                    y: 821.0,
                    width: 26.0,
                    height: 26.0,
                },
                pane_scope: SearchRect {
                    x: 488.0,
                    y: 821.0,
                    width: 48.0,
                    height: 26.0,
                },
                workspace_scope: SearchRect {
                    x: 538.0,
                    y: 821.0,
                    width: 72.0,
                    height: 26.0,
                },
                result: SearchRect {
                    x: 792.0,
                    y: 821.0,
                    width: 70.0,
                    height: 26.0,
                },
                scope_label: "ALL PANES",
                placeholder: "Search all visible panes",
                show_scope: true,
                show_result: true,
                show_search_icon: true,
                floating: true,
                compact: false,
            },
        ),
    ),
    (
        "workspace-tiny",
        Some(
            SearchLayout {
                surface: SearchRect {
                    x: 12.0,
                    y: 52.0,
                    width: 216.0,
                    height: 72.0,
                },
                input: SearchRect {
                    x: 20.0,
                    y: 96.0,
                    width: 122.0,
                    height: 22.0,
                },
                previous: SearchRect {
                    x: 146.0,
                    y: 96.0,
                    width: 22.0,
                    height: 22.0,
                },
                next: SearchRect {
                    x: 172.0,
                    y: 96.0,
                    width: 22.0,
                    height: 22.0,
                },
                close: SearchRect {
                    x: 198.0,
                    y: 96.0,
                    width: 22.0,
                    height: 22.0,
                },
                pane_scope: SearchRect {
                    x: 20.0,
                    y: 58.0,
                    width: 48.0,
                    height: 22.0,
                },
                workspace_scope: SearchRect {
                    x: 70.0,
                    y: 58.0,
                    width: 72.0,
                    height: 22.0,
                },
                result: SearchRect {
                    x: 146.0,
                    y: 58.0,
                    width: 74.0,
                    height: 22.0,
                },
                scope_label: "ALL PANES",
                placeholder: "Search all visible panes",
                show_scope: true,
                show_result: true,
                show_search_icon: true,
                floating: true,
                compact: true,
            },
        ),
    ),
    (
        "workspace-hidpi",
        Some(
            SearchLayout {
                surface: SearchRect {
                    x: 60.0,
                    y: 312.0,
                    width: 480.0,
                    height: 44.0,
                },
                input: SearchRect {
                    x: 194.0,
                    y: 322.0,
                    width: 180.0,
                    height: 24.0,
                },
                previous: SearchRect {
                    x: 452.0,
                    y: 322.0,
                    width: 24.0,
                    height: 24.0,
                },
                next: SearchRect {
                    x: 480.0,
                    y: 322.0,
                    width: 24.0,
                    height: 24.0,
                },
                close: SearchRect {
                    x: 508.0,
                    y: 322.0,
                    width: 24.0,
                    height: 24.0,
                },
                pane_scope: SearchRect {
                    x: 68.0,
                    y: 322.0,
                    width: 48.0,
                    height: 24.0,
                },
                workspace_scope: SearchRect {
                    x: 118.0,
                    y: 322.0,
                    width: 72.0,
                    height: 24.0,
                },
                result: SearchRect {
                    x: 378.0,
                    y: 322.0,
                    width: 70.0,
                    height: 24.0,
                },
                scope_label: "ALL PANES",
                placeholder: "Search all visible panes",
                show_scope: true,
                show_result: true,
                show_search_icon: true,
                floating: true,
                compact: false,
            },
        ),
    ),
    (
        "workspace-ultrawide",
        Some(
            SearchLayout {
                surface: SearchRect {
                    x: 3600.0,
                    y: 2072.0,
                    width: 480.0,
                    height: 44.0,
                },
                input: SearchRect {
                    x: 3734.0,
                    y: 2081.0,
                    width: 174.0,
                    height: 26.0,
                },
                previous: SearchRect {
                    x: 3986.0,
                    y: 2081.0,
                    width: 26.0,
                    height: 26.0,
                },
                next: SearchRect {
                    x: 4016.0,
                    y: 2081.0,
                    width: 26.0,
                    height: 26.0,
                },
                close: SearchRect {
                    x: 4046.0,
                    y: 2081.0,
                    width: 26.0,
                    height: 26.0,
                },
                pane_scope: SearchRect {
                    x: 3608.0,
                    y: 2081.0,
                    width: 48.0,
                    height: 26.0,
                },
                workspace_scope: SearchRect {
                    x: 3658.0,
                    y: 2081.0,
                    width: 72.0,
                    height: 26.0,
                },
                result: SearchRect {
                    x: 3912.0,
                    y: 2081.0,
                    width: 70.0,
                    height: 26.0,
                },
                scope_label: "ALL PANES",
                placeholder: "Search all visible panes",
                show_scope: true,
                show_result: true,
                show_search_icon: true,
                floating: true,
                compact: false,
            },
        ),
    ),
]
